{
  "version": "1.4.0",
  "plugins_used": [
    {"name": "ArtifactoryDetector"},
    {"name": "AWSKeyDetector"},
    {"name": "AzureStorageKeyDetector"},
    {"name": "Base64HighEntropyString", "limit": 4.5},
    {"name": "BasicAuthDetector"},
    {"name": "CloudantDetector"},
    {"name": "DiscordBotTokenDetector"},
    {"name": "GitHubTokenDetector"},
    {"name": "HexHighEntropyString", "limit": 3.0},
    {"name": "IbmCloudIamDetector"},
    {"name": "IbmCosHmacDetector"},
    {"name": "JwtTokenDetector"},
    {"name": "KeywordDetector", "keyword_exclude": ""},
    {"name": "MailchimpDetector"},
    {"name": "NpmDetector"},
    {"name": "PrivateKeyDetector"},
    {"name": "SendgridDetector"},
    {"name": "SlackDetector"},
    {"name": "StripeDetector"},
    {"name": "TwilioKeyDetector"}
  ],
  "filters_used": [
    {"path_include": "^((?!\\.git)(?!\\.github)(?!node_modules)(?!venv)(?!__pycache__)).)*$"},
    {"path_exclude": ".*\\.pyc"},
    {"path_exclude": ".*\\.env$"},
    {"path_exclude": ".*\\.env\\.example$"}
  ],
  "results": {},
  "scan_duration": 0.0
}
